============================= test session starts =============================
platform win32 -- Python 3.13.5, pytest-9.0.2, pluggy-1.6.0 -- C:\SHAN\vibium_for_snow\.venv\Scripts\python.exe
cachedir: .pytest_cache
rootdir: C:\SHAN\vibium_for_snow
plugins: asyncio-1.3.0
asyncio: mode=Mode.STRICT, debug=False, asyncio_default_fixture_loop_scope=None, asyncio_default_test_loop_scope=function
collecting ... collected 0 items / 1 error

=================================== ERRORS ====================================
__________________ ERROR collecting tests/test_basic_snow.py __________________
ImportError while importing test module 'C:\SHAN\vibium_for_snow\tests\test_basic_snow.py'.
Hint: make sure your test modules/packages have valid Python names.
Traceback:
.venv\Lib\site-packages\_pytest\python.py:507: in importtestmodule
    mod = import_path(
.venv\Lib\site-packages\_pytest\pathlib.py:587: in import_path
    importlib.import_module(module_name)
C:\Users\drsan\AppData\Local\Programs\Python\Python313\Lib\importlib\__init__.py:88: in import_module
    return _bootstrap._gcd_import(name[level:], package, level)
           ^^^^^^^^^^^^^^^^^^^^^^^^^^^^^^^^^^^^^^^^^^^^^^^^^^^^
<frozen importlib._bootstrap>:1387: in _gcd_import
    ???
<frozen importlib._bootstrap>:1360: in _find_and_load
    ???
<frozen importlib._bootstrap>:1331: in _find_and_load_unlocked
    ???
<frozen importlib._bootstrap>:935: in _load_unlocked
    ???
.venv\Lib\site-packages\_pytest\assertion\rewrite.py:197: in exec_module
    exec(co, module.__dict__)
tests\test_basic_snow.py:2: in <module>
    from vibium import Vibium
E   ImportError: cannot import name 'Vibium' from 'vibium' (C:\SHAN\vibium_for_snow\.venv\Lib\site-packages\vibium\__init__.py)
============================== warnings summary ===============================
.venv\Lib\site-packages\vibium\client.py:8
  C:\SHAN\vibium_for_snow\.venv\Lib\site-packages\vibium\client.py:8: DeprecationWarning: websockets.client.WebSocketClientProtocol is deprecated
    from websockets.client import WebSocketClientProtocol

.venv\Lib\site-packages\websockets\legacy\__init__.py:6
  C:\SHAN\vibium_for_snow\.venv\Lib\site-packages\websockets\legacy\__init__.py:6: DeprecationWarning: websockets.legacy is deprecated; see https://websockets.readthedocs.io/en/stable/howto/upgrade.html for upgrade instructions
    warnings.warn(  # deprecated in 14.0 - 2024-11-09

-- Docs: https://docs.pytest.org/en/stable/how-to/capture-warnings.html
=========================== short test summary info ===========================
ERROR tests/test_basic_snow.py
!!!!!!!!!!!!!!!!!!! Interrupted: 1 error during collection !!!!!!!!!!!!!!!!!!!!
======================== 2 warnings, 1 error in 0.40s =========================
